// Jest Snapshot v1, https://goo.gl/fbAQLP

exports[`Elasticache Stack Created 1`] = `
{
  "Parameters": {
    "BootstrapVersion": {
      "Default": "/cdk-bootstrap/hnb659fds/version",
      "Description": "Version of the CDK Bootstrap resources in this environment, automatically retrieved from SSM Parameter Store. [cdk:skip]",
      "Type": "AWS::SSM::Parameter::Value<String>",
    },
  },
  "Resources": {
    "elasticache": {
      "Properties": {
        "AutomaticFailoverEnabled": false,
        "CacheNodeType": "cache.t2.micro",
        "CacheSubnetGroupName": "staging-decidim-SubnetGroup",
        "Engine": "redis",
        "EngineVersion": "6.x",
        "NumCacheClusters": 1,
        "ReplicationGroupDescription": "staging-decidim-cache",
        "ReplicationGroupId": "staging-decidim-cache",
        "SecurityGroupIds": [
          {
            "Fn::ImportValue": "stagingdecidimNetworkStack:ExportsOutputFnGetAttstagingSecurityGroupForElasticCache2597B2ABGroupIdD129A3B7",
          },
        ],
      },
      "Type": "AWS::ElastiCache::ReplicationGroup",
    },
  },
  "Rules": {
    "CheckBootstrapVersion": {
      "Assertions": [
        {
          "Assert": {
            "Fn::Not": [
              {
                "Fn::Contains": [
                  [
                    "1",
                    "2",
                    "3",
                    "4",
                    "5",
                  ],
                  {
                    "Ref": "BootstrapVersion",
                  },
                ],
              },
            ],
          },
          "AssertDescription": "CDK bootstrap stack version 6 required. Please run 'cdk bootstrap' with a recent version of the CDK CLI.",
        },
      ],
    },
  },
}
`;
